// Jest Snapshot v1, https://goo.gl/fbAQLP

exports[`renders correctly 1`] = `
<i
  aria-hidden="true"
  className="icon "
  onClick={[Function]}
/>
`;
