// Jest Snapshot v1, https://goo.gl/fbAQLP

exports[`renders correctly 1`] = `
.c0 {
  min-height: 100%;
}

<div
  className="ui segment c0"
/>
`;
