// Jest Snapshot v1, https://goo.gl/fbAQLP

exports[`renders correctly 1`] = `
.c0.c0.c0 .ui.secondary.pointing.menu .item {
  padding-left: 0px;
  padding-right: 0px;
  padding-bottom: 1.3em;
  font-weight: 600;
  color: #979797;
}

.c0.c0.c0 .ui.secondary.pointing.menu {
  margin-left: 0px;
  margin-right: 0px;
}

.c0.c0.c0 .ui.menu > .item:first-child {
  margin-left: 0px;
}

.c0.c0.c0 .ui.menu {
  margin: 19px 0em;
}

.c0.c0.c0 .ui.secondary.pointing.menu .active.item {
  color: #59C4C4;
}

<div
  className="c0"
>
  <div
    className="ui attached tabular menu"
  />
</div>
`;
