// Jest Snapshot v1, https://goo.gl/fbAQLP

exports[`renders correctly 1`] = `
<div
  style={
    Object {
      "perspective": "1000px",
      "zIndex": "auto",
    }
  }
>
  <div
    className="card-flipper"
    style={
      Object {
        "height": "100%",
        "position": "relative",
        "width": "100%",
      }
    }
  >
    <div
      className="card-front"
      style={
        Object {
          "WebkitBackfaceVisibility": "hidden",
          "backfaceVisibility": "hidden",
          "height": "100%",
          "left": "0",
          "opacity": 1,
          "position": "relative",
          "top": "0",
          "transform": "rotateY(0deg)",
          "transformStyle": "preserve-3d",
          "transition": "0.6s",
          "width": "100%",
          "zIndex": "2",
        }
      }
    >
      <div />
    </div>
    <div
      className="card-back"
      style={
        Object {
          "WebkitBackfaceVisibility": "hidden",
          "backfaceVisibility": "hidden",
          "height": "100%",
          "left": "0",
          "opacity": 0,
          "position": "absolute",
          "top": "0",
          "transform": "rotateY(-180deg)",
          "transformStyle": "preserve-3d",
          "transition": "0.6s",
          "width": "100%",
        }
      }
    >
      <div />
    </div>
  </div>
</div>
`;
