// Jest Snapshot v1, https://goo.gl/fbAQLP

exports[`renders correctly 1`] = `
.c0 {
  width: 56px;
  box-shadow: 0 2px 4px 0 rgba(34,36,38,0.12),0 2px 10px 0 rgba(34,36,38,0.15);
  -webkit-transition: 0.4s;
  transition: 0.4s;
  background-color: white;
  height: 100vh;
  overflow: hidden;
  position: absolute;
  z-index: 99999999999999;
  margin-top: 2px;
}

.c0 .svgHover path {
  fill: #59C4C4;
}

.c0.c0.c0 .active.item {
  color: #59C4C4;
  border-left: 5px solid #59C4C4;
  border-bottom: none !important;
  font-weight: 600;
  background-color: #eef9f9 !important;
}

.c0.c0.c0 .active.item .iconWithStyle {
  margin: 0em 1em 0em 0.35em;
}

.c0.c0.c0 .active.item .facebookIconWithStyle {
  margin: 0em 1.3em 0em 0.57em;
}

.c0.c0.c0 .active.item .archvieIconWithStyle {
  margin: 0em 1.2em 0em 0.35em;
}

.c0.c0.c0 .active.item .cogIconStyle {
  margin-left: 8px;
}

.c0.c0.c0 .active.item svg path {
  fill: #59C4C4;
}

.c0 a {
  border-bottom: 1px solid #eaedf0 !important;
}

.c0 a svg {
  font-size: 17px;
}

.c0 .noDropdown.accordionDrop .menu {
  padding-top: 11px;
  border-bottom: 1px solid #eaedf0;
}

.c0 .noDropdown.accordionDrop a {
  color: #3b3b3b !important;
  border-bottom: none !important;
}

.c0 .noDropdown.accordionDrop .active.item {
  border-color: #59C4C4 !important;
  color: #59C4C4 !important;
  border-left: none !important;
  border-bottom: 1px solid white !important;
  font-weight: 600 !important;
  background-color: #ffffff !important;
}

.c0 .ui.vertical.steps {
  width: 240px;
  padding: 0px;
  margin-left: -1px;
  margin-top: -1px;
}

.c0 .ui.vertical.steps .step:after {
  display: none;
}

.c0 .ui.vertical.steps .step {
  height: 56px;
  padding: 0px;
  border-bottom: 1px solid #eaedf0;
}

.c0 .ui.vertical.steps .step svg {
  margin-left: 8px;
}

.c0 .ui.vertical.steps .step .title {
  font-weight: 400;
  font-family: 'Open Sans',sans-serif;
  color: rgba(0,0,0,0.6);
}

.c0 .ui.vertical.steps .active {
  border-radius: 0px;
  padding: 0px;
  color: #59C4C4;
  border-left: 5px solid #59C4C4 !important;
  border-bottom: 1px solid #eaedf0 !important;
  font-weight: 600;
  background-color: #eef9f9 !important;
}

.c0 .ui.vertical.steps .active svg {
  margin-left: 3px;
}

.c0 .ui.vertical.steps .active #step1Path,
.c0 .ui.vertical.steps .active #step2Path,
.c0 .ui.vertical.steps .active #step3Path,
.c0 .ui.vertical.steps .active #step4Path {
  fill: #59C4C4;
}

.c0 .ui.vertical.steps .active .title {
  font-weight: 600;
  color: #59C4C4;
}

.c0 .ui.vertical.steps .active .content {
  margin-left: -5px;
}

.c0.expand {
  width: 225px;
}

.c0 .noDropdown {
  -webkit-transition: 0.2s;
  transition: 0.2s;
  height: 0px;
  overflow: hidden;
}

.c0 .accordionDrop,
.c0 .accordionDropCustom {
  height: 60px;
  width: 100%;
  overflow: visible;
}

.c0 .ui.text.menu {
  margin: 0em -1.25em;
  display: block !important;
  margin-left: 0px;
}

.c0 .ui.text.menu .item:hover {
  color: #59C4C4 !important;
}

<div
  className="c0 toggle-container undefined"
  onMouseLeave={[Function]}
  onMouseOver={[Function]}
/>
`;
